---
source: crates/egeria-adapter-zeroclaw/tests/roundtrip_source.rs
expression: markdown
---
## Steps

1. **Collect the release diff** - Summarize what changed between the last published tag and the tag being released.
   - tools: git_operations, shell
   - allow-tools: git_operations, shell
   - output: {"required":["tag","commit_count","changelog"],"type":"object"}

2. **Check the release gates** - Confirm the tag builds clean and that no advisory is open against a shipped crate.
   - tools: http_request, shell
   - output: {"required":["ci_green","advisories_open"],"type":"object"}
   - depends_on: 1

3. **Release sign-off** - Two members of the release group must approve before anything is published.
   - kind: checkpoint
   - depends_on: 1, 2
   - policy: prod

4. **Publish the release** - Push the artifacts and mark the tag published.
   - tools: shell, git_operations
   - output: {"required":["published","artifact_count"],"type":"object"}
   - on_failure: retry: 1
   - agent: release-publisher

5. **Announce the release** - Post the changelog to the release room, and stay quiet if the publish step shipped nothing.
   - tools: pushover, http_request
   - when: $.published == "true"
   - terminal: true
   - depends_on: 4
