---
source: crates/egeria-adapter-zeroclaw/tests/roundtrip_source.rs
expression: manifest_text
---
[sop]
name = "explicit-next"
description = "Publish a release artifact only after its checksum is verified"
version = "1.2.0"
priority = "high"
cooldown_secs = 0
max_concurrent = 1
deterministic = false
admission_policy = "hold"
max_pending_approvals = 0

[[triggers]]
type = "webhook"
path = "/sop/explicit-next"
