---
source: crates/egeria-adapter-zeroclaw/tests/roundtrip_source.rs
expression: markdown
---
## Steps

1. **Refresh the shipper credentials** - Mint a short-lived token for the log ingest endpoint before touching the buffer.
   - tools: http_request
   - output: {"required":["token","expires_in"],"type":"object"}

2. **Drain the buffer** - Read the on-disk spool and hand the batch to the uploader.
   - allow-tools: file_read, shell
   - input: {"required":["token"],"type":"object"}
   - output: {"required":["batch_id","records"],"type":"object"}
   - on_failure: goto: 3

3. **Retry the upload** - Re-send the batch that the drain could not place, one chunk at a time.
   - tools: http_request
   - input: {"required":["batch_id"],"type":"object"}
   - on_failure: goto: 4

4. **Reset the connection** - Tear down the ingest session and rebuild it, then go back to draining.
   - tools: shell, http_request
   - on_failure: goto: 2

5. **Record the batch** - Store the shipped batch id so the next run resumes after it.
   - tools: memory_store
   - terminal: true
   - depends_on: 2
